[netizensstore.com/netbizz_theme/netbizz_HTML/multipage_3/index.html]
[backblue.gif]
[fade.gif]
[index.html]
[netizensstore.com/netbizz_theme/netbizz_HTML/multipage_3/assets/images/fivicon.ico]
[maxcdn.bootstrapcdn.com/bootstrap/4.1.0/css/bootstrap.min.css]
[cdnjs.cloudflare.com/ajax/libs/font-awesome/4.7.0/css/font-awesome.min.css]
[netizensstore.com/netbizz_theme/netbizz_HTML/multipage_3/index-2.html]
[netizensstore.com/netbizz_theme/netbizz_HTML/multipage_3/about.html]
[netizensstore.com/netbizz_theme/netbizz_HTML/multipage_3/services.html]
[netizensstore.com/netbizz_theme/netbizz_HTML/multipage_3/projects.html]
[netizensstore.com/netbizz_theme/netbizz_HTML/multipage_3/team.html]
[netizensstore.com/netbizz_theme/netbizz_HTML/multipage_3/price.html]
[netizensstore.com/netbizz_theme/netbizz_HTML/multipage_3/blog.html]
[netizensstore.com/netbizz_theme/netbizz_HTML/multipage_3/blog-left-sidebar.html]
[netizensstore.com/netbizz_theme/netbizz_HTML/multipage_3/blog-details-left-sidebar.html]
[netizensstore.com/netbizz_theme/netbizz_HTML/multipage_3/faq.html]
[netizensstore.com/netbizz_theme/netbizz_HTML/multipage_3/404.html]
[netizensstore.com/netbizz_theme/netbizz_HTML/multipage_3/comingsoon.html]
[netizensstore.com/netbizz_theme/netbizz_HTML/multipage_3/contact.html]
[netizensstore.com/netbizz_theme/netbizz_HTML/multipage_3/assets/images/slider1.jpg]
[netizensstore.com/netbizz_theme/netbizz_HTML/multipage_3/assets/images/slider2.jpg]
[netizensstore.com/netbizz_theme/netbizz_HTML/multipage_3/assets/images/title_border.png]
[netizensstore.com/netbizz_theme/netbizz_HTML/multipage_3/assets/images/consultancy.png]
[netizensstore.com/netbizz_theme/netbizz_HTML/multipage_3/assets/images/grow-business.png]
[netizensstore.com/netbizz_theme/netbizz_HTML/multipage_3/assets/images/great-support.png]
[netizensstore.com/netbizz_theme/netbizz_HTML/multipage_3/assets/images/about_border.png]
[netizensstore.com/netbizz_theme/netbizz_HTML/multipage_3/assets/images/busisness-planning.png]
[netizensstore.com/netbizz_theme/netbizz_HTML/multipage_3/assets/images/busisness-consultency.png]
[netizensstore.com/netbizz_theme/netbizz_HTML/multipage_3/assets/images/financial-services.png]
[netizensstore.com/netbizz_theme/netbizz_HTML/multipage_3/assets/images/risk-management.png]
[netizensstore.com/netbizz_theme/netbizz_HTML/multipage_3/assets/images/expert-advisers.png]
[netizensstore.com/netbizz_theme/netbizz_HTML/multipage_3/assets/images/customer-support.png]
[netizensstore.com/netbizz_theme/netbizz_HTML/multipage_3/assets/images/portfolio1.jpg]
[netizensstore.com/netbizz_theme/netbizz_HTML/multipage_3/assets/images/portfolio2.jpg]
[netizensstore.com/netbizz_theme/netbizz_HTML/multipage_3/assets/images/portfolio3.jpg]
[netizensstore.com/netbizz_theme/netbizz_HTML/multipage_3/assets/images/portfolio4.jpg]
[netizensstore.com/netbizz_theme/netbizz_HTML/multipage_3/assets/images/portfolio5.jpg]
[netizensstore.com/netbizz_theme/netbizz_HTML/multipage_3/assets/images/client_img.png]
[netizensstore.com/netbizz_theme/netbizz_HTML/multipage_3/assets/images/team.jpg]
[netizensstore.com/netbizz_theme/netbizz_HTML/multipage_3/assets/images/team2.jpg]
[netizensstore.com/netbizz_theme/netbizz_HTML/multipage_3/assets/images/team3.jpg]
[netizensstore.com/netbizz_theme/netbizz_HTML/multipage_3/assets/images/price_img.png]
[netizensstore.com/netbizz_theme/netbizz_HTML/multipage_3/assets/images/price_imghover.png]
[netizensstore.com/netbizz_theme/netbizz_HTML/multipage_3/assets/images/themeforest.png]
[netizensstore.com/netbizz_theme/netbizz_HTML/multipage_3/assets/images/code.png]
[netizensstore.com/netbizz_theme/netbizz_HTML/multipage_3/assets/images/videohive.png]
[netizensstore.com/netbizz_theme/netbizz_HTML/multipage_3/assets/images/photodune.png]
[netizensstore.com/netbizz_theme/netbizz_HTML/multipage_3/assets/images/graph.png]
[ajax.googleapis.com/ajax/libs/jquery/3.3.1/jquery.min.js]
[maxcdn.bootstrapcdn.com/bootstrap/4.1.0/js/bootstrap.min.js]
[cdnjs.cloudflare.com/ajax/libs/modernizr/2.8.3/modernizr.min.js]
[netizensstore.com/netbizz_theme/netbizz_HTML/multipage_3/index.html]
[maxcdn.bootstrapcdn.com/bootstrap/4.1.0/css/bootstrap.min.css]
[cdnjs.cloudflare.com/ajax/libs/font-awesome/4.7.0/css/font-awesome.min.css]
[netizensstore.com/netbizz_theme/netbizz_HTML/multipage_3/assets/images/about.jpg]
[netizensstore.com/netbizz_theme/netbizz_HTML/multipage_3/assets/images/counter_bg.jpg]
[netizensstore.com/netbizz_theme/netbizz_HTML/multipage_3/assets/images/services.png]
[netizensstore.com/netbizz_theme/netbizz_HTML/multipage_3/assets/images/testimonials-bg.jpg]
[netizensstore.com/netbizz_theme/netbizz_HTML/multipage_3/assets/images/arrow.png]
[netizensstore.com/netbizz_theme/netbizz_HTML/multipage_3/assets/images/contact-bg.png]
[netizensstore.com/netbizz_theme/netbizz_HTML/multipage_3/assets/images/err_bg.jpg]
[netizensstore.com/netbizz_theme/netbizz_HTML/multipage_3/assets/images/cooming_bg.jpg]
[netizensstore.com/netbizz_theme/netbizz_HTML/multipage_3/assets/css/style.css]
[netizensstore.com/netbizz_theme/netbizz_HTML/multipage_3/assets/css/sm-clean.css]
[netizensstore.com/netbizz_theme/netbizz_HTML/multipage_3/assets/css/sm-core-css.css]
[www.netizensstore.com/netbizz_theme/netbizz_HTML/multipage_3/assets/css/owl.video.play.43.delayed]
[netizensstore.com/netbizz_theme/netbizz_HTML/multipage_3/assets/css/owl.carousel.css]
[netizensstore.com/netbizz_theme/netbizz_HTML/multipage_3/assets/css/owl.theme.default.css]
[netizensstore.com/netbizz_theme/netbizz_HTML/multipage_3/assets/css/responsive.css]
[netizensstore.com/netbizz_theme/netbizz_HTML/multipage_3/index-2.html]
[netizensstore.com/netbizz_theme/netbizz_HTML/multipage_3/assets/images/about_bg.jpg]
[www.netizensstore.com/netbizz_theme/netbizz_HTML/multipage_3/assets/images/business-planning.48.delayed]
[netizensstore.com/netbizz_theme/netbizz_HTML/multipage_3/assets/images/financial-planning.png]
[netizensstore.com/netbizz_theme/netbizz_HTML/multipage_3/assets/images/market-analysis.png]
[netizensstore.com/netbizz_theme/netbizz_HTML/multipage_3/about.html]
[netizensstore.com/netbizz_theme/netbizz_HTML/multipage_3/assets/images/blog-bg.jpg]
[netizensstore.com/netbizz_theme/netbizz_HTML/multipage_3/assets/images/busisness.png]
[netizensstore.com/netbizz_theme/netbizz_HTML/multipage_3/assets/images/financial.png]
[netizensstore.com/netbizz_theme/netbizz_HTML/multipage_3/assets/images/advisers.png]
[netizensstore.com/netbizz_theme/netbizz_HTML/multipage_3/assets/images/management.png]
[netizensstore.com/netbizz_theme/netbizz_HTML/multipage_3/assets/images/support.png]
[netizensstore.com/netbizz_theme/netbizz_HTML/multipage_3/services.html]
[netizensstore.com/netbizz_theme/netbizz_HTML/multipage_3/assets/images/team_bg.png]
[netizensstore.com/netbizz_theme/netbizz_HTML/multipage_3/projects.html]
[netizensstore.com/netbizz_theme/netbizz_HTML/multipage_3/assets/images/team_bg.jpg]
[netizensstore.com/netbizz_theme/netbizz_HTML/multipage_3/team.html]
[netizensstore.com/netbizz_theme/netbizz_HTML/multipage_3/price.html]
[netizensstore.com/netbizz_theme/netbizz_HTML/multipage_3/assets/images/post-1.jpg]
[netizensstore.com/netbizz_theme/netbizz_HTML/multipage_3/assets/images/post-2.jpg]
[netizensstore.com/netbizz_theme/netbizz_HTML/multipage_3/blog.html]
[netizensstore.com/netbizz_theme/netbizz_HTML/multipage_3/blog-left-sidebar.html]
[netizensstore.com/netbizz_theme/netbizz_HTML/multipage_3/assets/images/blog_1.jpg]
[netizensstore.com/netbizz_theme/netbizz_HTML/multipage_3/blog-detail.html]
[netizensstore.com/netbizz_theme/netbizz_HTML/multipage_3/assets/images/thumb-3.jpg]
[netizensstore.com/netbizz_theme/netbizz_HTML/multipage_3/assets/images/thumb-4.jpg]
[netizensstore.com/netbizz_theme/netbizz_HTML/multipage_3/blog-details-left-sidebar.html]
[netizensstore.com/netbizz_theme/netbizz_HTML/multipage_3/faq.html]
[netizensstore.com/netbizz_theme/netbizz_HTML/multipage_3/assets/images/404.png]
[netizensstore.com/netbizz_theme/netbizz_HTML/multipage_3/404.html]
[netizensstore.com/netbizz_theme/netbizz_HTML/multipage_3/comingsoon.html]
[netizensstore.com/netbizz_theme/netbizz_HTML/multipage_3/contact.html]
[netizensstore.com/netbizz_theme/netbizz_HTML/multipage_3/assets/js/jquery.smartmenus.min.js]
[netizensstore.com/netbizz_theme/netbizz_HTML/multipage_3/assets/js/owl.carousel.js]
[netizensstore.com/netbizz_theme/netbizz_HTML/multipage_3/assets/js/custom.js]
[www.netizensstore.com/netbizz_theme/netbizz_HTML/multipage_3/assets/css/owl.video.play.html]
[www.netizensstore.com/netbizz_theme/netbizz_HTML/multipage_3/assets/images/business-planning.html]
[netizensstore.com/netbizz_theme/netbizz_HTML/multipage_3/blog-detail.html]
